ERROR: 2018/12/25 22:18:20 main.go:44: I hava a dream!
